// Jest Snapshot v1, https://goo.gl/fbAQLP

exports[`Button suite render a button 1`] = `
<Button
  block={false}
  dashed={false}
  disabled={false}
  loading={false}
  reverse={false}
  size="normal"
  text={false}
>
  default
</Button>
`;
